SET
CREATE EXTENSION
DROP TABLE
DROP TABLE
DROP TABLE
 setseed 
---------
 
(1 row)

 count 
-------
     0
(1 row)

 setseed 
---------
 
(1 row)

 count 
-------
     0
(1 row)

CREATE TABLE
INSERT 0 3
 count 
-------
     0
(1 row)

CREATE TABLE
INSERT 0 3
 count 
-------
     0
(1 row)

CREATE TABLE
INSERT 0 2
 count 
-------
     0
(1 row)

DROP TABLE
DROP TABLE
DROP TABLE
RESET
