SET
DROP TABLE
CREATE TABLE
 column_name | data_type 
-------------+-----------
 i2          | smallint
 i4          | integer
 i8          | bigint
 s           | integer
 bs          | bigint
(5 rows)

INSERT 0 2
 i2 | i4 | i8 | s | bs 
----+----+----+---+----
  1 |  2 |  3 | 1 |  1
 10 | 20 | 30 | 2 |  2
(2 rows)

DROP TABLE
RESET
