 jsonb_path_query_first 
------------------------
 1
(1 row)

 jsonb_path_query_first 
------------------------
 2
(1 row)

 jsonb_path_query_first 
------------------------
 
(1 row)

 jsonb_path_query_first 
------------------------
 null
(1 row)

 jsonb_path_query_first 
------------------------
 null
(1 row)

 jsonb_path_query_first 
------------------------
 
(1 row)

 jsonb_path_query_first 
------------------------
 
(1 row)

