SET
DROP TABLE
DROP TABLE
psql:/home/pan/workspace/pg_tests/compatible/no_primary_key.sql:12: ERROR:  syntax error at or near ";"
LINE 1: CREATE TABLE t (;
                        ^
psql:/home/pan/workspace/pg_tests/compatible/no_primary_key.sql:15: ERROR:  relation "t" does not exist
LINE 1: INSERT INTO t VALUES (1, 2);
                    ^
psql:/home/pan/workspace/pg_tests/compatible/no_primary_key.sql:18: ERROR:  relation "t" does not exist
LINE 1: INSERT INTO t VALUES (1, 2);
                    ^
psql:/home/pan/workspace/pg_tests/compatible/no_primary_key.sql:21: ERROR:  relation "t" does not exist
LINE 1: INSERT INTO t VALUES (3, 4);
                    ^
psql:/home/pan/workspace/pg_tests/compatible/no_primary_key.sql:24: ERROR:  relation "t" does not exist
LINE 1: SELECT a, b FROM t;
                         ^
psql:/home/pan/workspace/pg_tests/compatible/no_primary_key.sql:27: ERROR:  relation "t" does not exist
LINE 1: SELECT count(rowid) FROM t;
                                 ^
psql:/home/pan/workspace/pg_tests/compatible/no_primary_key.sql:30: ERROR:  relation "t" does not exist
LINE 1: INSERT INTO t VALUES (5, 6, '7');
                    ^
psql:/home/pan/workspace/pg_tests/compatible/no_primary_key.sql:33: ERROR:  relation "t" does not exist
LINE 1: select * from t;
                      ^
psql:/home/pan/workspace/pg_tests/compatible/no_primary_key.sql:36: ERROR:  relation "t" does not exist
LINE 1: SELECT a, b, c, rowid FROM t;
                                   ^
psql:/home/pan/workspace/pg_tests/compatible/no_primary_key.sql:39: ERROR:  relation "t" does not exist
LINE 1: INSERT INTO t (a, rowid) VALUES (10, 11);
                    ^
psql:/home/pan/workspace/pg_tests/compatible/no_primary_key.sql:42: ERROR:  relation "t" does not exist
LINE 1: SELECT rowid FROM t WHERE a = 10;
                          ^
psql:/home/pan/workspace/pg_tests/compatible/no_primary_key.sql:45: ERROR:  syntax error at or near "["
LINE 1: SELECT * FROM [SHOW COLUMNS FROM t] ORDER BY 1;
                      ^
psql:/home/pan/workspace/pg_tests/compatible/no_primary_key.sql:48: ERROR:  relation "t" does not exist
psql:/home/pan/workspace/pg_tests/compatible/no_primary_key.sql:51: ERROR:  relation "t" does not exist
LINE 1: INSERT INTO t DEFAULT VALUES;
                    ^
psql:/home/pan/workspace/pg_tests/compatible/no_primary_key.sql:54: ERROR:  syntax error at or near "DEFAULT"
LINE 1: INSERT INTO t (a, b) DEFAULT VALUES;
                             ^
RESET
