SET
DROP TABLE
CREATE TABLE
INSERT 0 5
CREATE INDEX
CREATE INDEX
 a 
---
 2
 3
 5
(3 rows)

 c  
----
 30
 40
 50
(3 rows)

           QUERY PLAN            
---------------------------------
 Sort
   Sort Key: a
   ->  Seq Scan on t_partial
         Filter: (b IS NOT NULL)
(4 rows)

         QUERY PLAN          
-----------------------------
 Sort
   Sort Key: c
   ->  Seq Scan on t_partial
         Filter: (c >= 30)
(4 rows)

RESET
