SET
 has_available_extensions 
--------------------------
 t
(1 row)

   name   | default_version | installed_version 
----------+-----------------+-------------------
 ltree    | 1.2             | 
 pgcrypto | 1.3             | 
(2 rows)

 extname | extversion 
---------+------------
 plpgsql | 1.0
(1 row)

RESET
