SET
CREATE SCHEMA
DROP TABLE
CREATE TABLE
INSERT 0 1
SET
 ?column? 
----------
        1
(1 row)

 ?column? 
----------
 t
(1 row)

 ?column? 
----------
 t
(1 row)

 ?column? 
----------
 t
(1 row)

BEGIN
 ?column? 
----------
        1
(1 row)

COMMIT
 ?column? 
----------
 t
(1 row)

 ?column? 
----------
 t
(1 row)

RESET
